exports[`test update_expression.js 1`] = `
"(this.x++).toString()
new (r++);
(x++)();
~~~~~~~~~~~~~~~~~~~~~~~~~~~~~~~~~~~~~~~~~~~~~~~~~~~~~~~~~~~~~~~~~~~~~~~~~~~~~~~~
(this.x++).toString();
new (r++)();
(x++)();
"
`;
