exports[`test empty_label.js 1`] = `
"a:;
b
~~~~~~~~~~~~~~~~~~~~~~~~~~~~~~~~~~~~~~~~~~~~~~~~~~~~~~~~~~~~~~~~~~~~~~~~~~~~~~~~
a:;
b;
"
`;
