exports[`test trailing-commas.js 1`] = `
"declare class C {
  f(
    superSuperSuperSuperSuperSuperSuperSuperSuperSuperSuperSuperSuperSuperLong,
    ...args
  ): void,
}

function f(
  superSuperSuperSuperSuperSuperSuperSuperSuperSuperSuperSuperSuperSuperLong,
  ...args
) {}

declare class C { f(...superSuperSuperSuperSuperSuperSuperSuperSuperSuperSuperSuperSuperSuperLong): void; }

[superSuperSuperSuperSuperSuperSuperSuperSuperSuperSuperSuperSuperSuperSuperLong,,];

[veryVeryVeryVeryVeryVeryVeryVeryVeryVeryVeryVeryVeryVeryVeryVeryVeryVeryLong, ...a] = [];
~~~~~~~~~~~~~~~~~~~~~~~~~~~~~~~~~~~~~~~~~~~~~~~~~~~~~~~~~~~~~~~~~~~~~~~~~~~~~~~~
declare class C {
  f(
    superSuperSuperSuperSuperSuperSuperSuperSuperSuperSuperSuperSuperSuperLong,
    ...args
  ): void,
}

function f(
  superSuperSuperSuperSuperSuperSuperSuperSuperSuperSuperSuperSuperSuperLong,
  ...args
) {
}

declare class C {
  f(
    ...superSuperSuperSuperSuperSuperSuperSuperSuperSuperSuperSuperSuperSuperLong
  ): void,
}

[
  superSuperSuperSuperSuperSuperSuperSuperSuperSuperSuperSuperSuperSuperSuperLong,
  ,
];

[
  veryVeryVeryVeryVeryVeryVeryVeryVeryVeryVeryVeryVeryVeryVeryVeryVeryVeryLong,
  ...a
] = [];
"
`;
